
> growdesk-server@0.1.0 backend:build
> npm run --workspace=@growdesk/contracts build && npm run --workspace=@growdesk/domain build && npm run --workspace=@growdesk/database build && npm run --workspace=@growdesk/adapters build && npm run --workspace=@growdesk/testkit build && npm run --workspace=@growdesk/api build && npm run --workspace=@growdesk/worker build && npm run --workspace=@growdesk/scheduler build


> @growdesk/contracts@0.1.0 build
> tsc -p tsconfig.json


> @growdesk/domain@0.1.0 build
> tsc -p tsconfig.json


> @growdesk/database@0.1.0 build
> tsc -p tsconfig.json


> @growdesk/adapters@0.1.0 build
> tsc -p tsconfig.json


> @growdesk/testkit@0.1.0 build
> tsc -p tsconfig.json


> @growdesk/api@0.1.0 build
> tsc -p tsconfig.json


> @growdesk/worker@0.1.0 build
> tsc -p tsconfig.json


> @growdesk/scheduler@0.1.0 build
> tsc -p tsconfig.json

✔ isolated PostgreSQL enforces role, ownership, constraints and rollback (19.896208ms)
✔ isolated authenticated Redis has working expiry and atomic NX writes (4.951875ms)
(node:66851) [FSTWRN001] FastifyWarning: The querystring schema for POST: /api/v1/web/ai/sessions is missing. This may indicate the schema is not well specified.
(Use `node --trace-warnings ...` to show where the warning was created)
(node:66851) [FSTWRN001] FastifyWarning: The params schema for POST: /api/v1/web/ai/sessions is missing. This may indicate the schema is not well specified.
(node:66851) [FSTWRN001] FastifyWarning: The body schema for GET: /api/v1/web/ai/sessions is missing. This may indicate the schema is not well specified.
(node:66851) [FSTWRN001] FastifyWarning: The params schema for GET: /api/v1/web/ai/sessions is missing. This may indicate the schema is not well specified.
(node:66851) [FSTWRN001] FastifyWarning: The body schema for HEAD: /api/v1/web/ai/sessions is missing. This may indicate the schema is not well specified.
(node:66851) [FSTWRN001] FastifyWarning: The params schema for HEAD: /api/v1/web/ai/sessions is missing. This may indicate the schema is not well specified.
(node:66851) [FSTWRN001] FastifyWarning: The body schema for GET: /api/v1/web/ai/sessions/:id is missing. This may indicate the schema is not well specified.
(node:66851) [FSTWRN001] FastifyWarning: The querystring schema for GET: /api/v1/web/ai/sessions/:id is missing. This may indicate the schema is not well specified.
(node:66851) [FSTWRN001] FastifyWarning: The body schema for HEAD: /api/v1/web/ai/sessions/:id is missing. This may indicate the schema is not well specified.
(node:66851) [FSTWRN001] FastifyWarning: The querystring schema for HEAD: /api/v1/web/ai/sessions/:id is missing. This may indicate the schema is not well specified.
(node:66851) [FSTWRN001] FastifyWarning: The querystring schema for PATCH: /api/v1/web/ai/sessions/:id is missing. This may indicate the schema is not well specified.
(node:66851) [FSTWRN001] FastifyWarning: The body schema for DELETE: /api/v1/web/ai/sessions/:id is missing. This may indicate the schema is not well specified.
(node:66851) [FSTWRN001] FastifyWarning: The querystring schema for DELETE: /api/v1/web/ai/sessions/:id is missing. This may indicate the schema is not well specified.
(node:66851) [FSTWRN001] FastifyWarning: The querystring schema for POST: /api/v1/web/ai/sessions/:id/messages is missing. This may indicate the schema is not well specified.
(node:66851) [FSTWRN001] FastifyWarning: The querystring schema for POST: /api/v1/web/ai/sessions is missing. This may indicate the schema is not well specified.
(node:66851) [FSTWRN001] FastifyWarning: The params schema for POST: /api/v1/web/ai/sessions is missing. This may indicate the schema is not well specified.
(node:66851) [FSTWRN001] FastifyWarning: The body schema for GET: /api/v1/web/ai/sessions is missing. This may indicate the schema is not well specified.
(node:66851) [FSTWRN001] FastifyWarning: The params schema for GET: /api/v1/web/ai/sessions is missing. This may indicate the schema is not well specified.
(node:66851) [FSTWRN001] FastifyWarning: The body schema for HEAD: /api/v1/web/ai/sessions is missing. This may indicate the schema is not well specified.
(node:66851) [FSTWRN001] FastifyWarning: The params schema for HEAD: /api/v1/web/ai/sessions is missing. This may indicate the schema is not well specified.
(node:66851) [FSTWRN001] FastifyWarning: The body schema for GET: /api/v1/web/ai/sessions/:id is missing. This may indicate the schema is not well specified.
(node:66851) [FSTWRN001] FastifyWarning: The querystring schema for GET: /api/v1/web/ai/sessions/:id is missing. This may indicate the schema is not well specified.
(node:66851) [FSTWRN001] FastifyWarning: The body schema for HEAD: /api/v1/web/ai/sessions/:id is missing. This may indicate the schema is not well specified.
(node:66851) [FSTWRN001] FastifyWarning: The querystring schema for HEAD: /api/v1/web/ai/sessions/:id is missing. This may indicate the schema is not well specified.
(node:66851) [FSTWRN001] FastifyWarning: The querystring schema for PATCH: /api/v1/web/ai/sessions/:id is missing. This may indicate the schema is not well specified.
(node:66851) [FSTWRN001] FastifyWarning: The body schema for DELETE: /api/v1/web/ai/sessions/:id is missing. This may indicate the schema is not well specified.
(node:66851) [FSTWRN001] FastifyWarning: The querystring schema for DELETE: /api/v1/web/ai/sessions/:id is missing. This may indicate the schema is not well specified.
(node:66851) [FSTWRN001] FastifyWarning: The querystring schema for POST: /api/v1/web/ai/sessions/:id/messages is missing. This may indicate the schema is not well specified.
✔ foundation HTTP readiness checks owned PostgreSQL and Redis with real drivers (4033.280417ms)
ℹ tests 3
ℹ suites 0
ℹ pass 3
ℹ fail 0
ℹ cancelled 0
ℹ skipped 0
ℹ todo 0
ℹ duration_ms 6518.412958

> growdesk-server@0.1.0 backend:contracts:check
> node scripts/check-contracts.mjs

Checking canonical OpenAPI specification consistency...
Contract check passed: /private/tmp/growdesk-server-ai-usage-reliability-20261004/contracts/openapi.json is perfectly in sync (141 paths, 192 operations).
2026/10/04 03:44:18 INFO native migrations applied and checksums verified
ok  	github.com/WangZhuo2015/growdesk-server/internal/backend	1.468s
2026/10/04 03:44:21 INFO native migrations applied and checksums verified
=== RUN   TestAIUsageAccountingIntegration
    ai_usage_integration_test.go:442: ASR integration requires --s3; model-phase accounting remains covered by this suite
2026/10/04 03:44:22 WARN native task did not complete taskId=64bc7a98-8e03-4591-b5f3-cc6afc7ee1fe kind=ai_chat_run attempt=1
    ai_usage_integration_test.go:454: known rate-limit retry must have an eligible native task: no rows in result set; target status=queued kind=ai_chat_run attempt=2 expired=false uncancelled=true supported=true payloadVersion1=true dispatch=active due=true hasNative=true
--- FAIL: TestAIUsageAccountingIntegration (0.43s)
=== RUN   TestMCPOAuthLifecycleHTTPIntegration
--- PASS: TestMCPOAuthLifecycleHTTPIntegration (0.49s)
=== RUN   TestPersonalAccessTokensHTTPIntegration
    personal_access_tokens_integration_test.go:247: PAT_CLEANUP tenant_sha256=f21a7f6444fab1a19b0eb3ffb40fd627f27395fd468b7b93e25aef403b48569b remaining_rows=0
    personal_access_tokens_integration_test.go:247: PAT_CLEANUP tenant_sha256=eb0da5971f36bb7b0989b9a1ced2e0e6fc058b041fac88629f3fd1b54c93508a remaining_rows=0
    personal_access_tokens_integration_test.go:249: PAT_HTTP_WORKER_ASSERTIONS=120
--- PASS: TestPersonalAccessTokensHTTPIntegration (0.27s)
FAIL
FAIL	github.com/WangZhuo2015/growdesk-server/internal/backend	1.686s
FAIL
Isolated verification failed (CalledProcessError); owned resources cleaned.
